WARNING: The Problem has no recorder of any kind attached
WARNING: The following Components do not have any outputs:
   gen_params
   model_params

WARNING: The Problem has no recorder of any kind attached
WARNING: The following Components do not have any outputs:
   gen_params
   model_params

